2017-09-02 14:33:12 INFO  MJParserTest:32 - Kompilacija izvornog fajlaC:\Users\House Music\workspace\PP1-Projekat\test\program.mj
2017-09-02 14:33:12 INFO  MJParser:571 - #2 program
2017-09-02 14:33:12 INFO  MJParser:571 - #51 Prilepi
2017-09-02 14:33:12 INFO  MJParser:571 - #51 int
2017-09-02 14:33:12 INFO  MJParser:571 - #51 a
2017-09-02 14:33:12 INFO  MJParser:571 - #9 ,
2017-09-02 14:33:12 INFO  MJParser:601 - Deklarisana promenljiva a na liniji 6
2017-09-02 14:33:12 INFO  MJParser:571 - #51 b
2017-09-02 14:33:12 INFO  MJParser:571 - #6 ;
2017-09-02 14:33:12 INFO  MJParser:601 - Deklarisana promenljiva b na liniji 6
2017-09-02 14:33:12 INFO  MJParser:571 - #51 int
2017-09-02 14:33:12 INFO  MJParser:571 - #51 manji
2017-09-02 14:33:12 INFO  MJParser:571 - #9 ,
2017-09-02 14:33:12 INFO  MJParser:601 - Deklarisana promenljiva manji na liniji 7
2017-09-02 14:33:12 INFO  MJParser:571 - #51 veci
2017-09-02 14:33:12 INFO  MJParser:571 - #9 ,
2017-09-02 14:33:12 INFO  MJParser:601 - Deklarisana promenljiva veci na liniji 7
2017-09-02 14:33:12 INFO  MJParser:571 - #51 step
2017-09-02 14:33:12 INFO  MJParser:571 - #9 ,
2017-09-02 14:33:12 INFO  MJParser:601 - Deklarisana promenljiva step na liniji 7
2017-09-02 14:33:12 INFO  MJParser:571 - #51 pom
2017-09-02 14:33:12 INFO  MJParser:571 - #9 ,
2017-09-02 14:33:12 INFO  MJParser:601 - Deklarisana promenljiva pom na liniji 7
2017-09-02 14:33:12 INFO  MJParser:571 - #51 novi
2017-09-02 14:33:12 INFO  MJParser:571 - #6 ;
2017-09-02 14:33:12 INFO  MJParser:601 - Deklarisana promenljiva novi na liniji 7
2017-09-02 14:33:12 INFO  MJParser:571 - #22 const
2017-09-02 14:33:12 INFO  MJParser:571 - #51 int
2017-09-02 14:33:12 INFO  MJParser:571 - #51 x
2017-09-02 14:33:12 INFO  MJParser:571 - #16 =
2017-09-02 14:33:12 INFO  MJParser:571 - #48 10
2017-09-02 14:33:12 INFO  MJParser:571 - #6 ;
2017-09-02 14:33:12 INFO  MJParser:571 - #4 {
2017-09-02 14:33:12 INFO  MJParser:601 - Deklarisana globalna konstanta x na liniji 8
2017-09-02 14:33:12 INFO  MJParser:571 - #3 void
2017-09-02 14:33:12 INFO  MJParser:571 - #51 main
2017-09-02 14:33:12 INFO  MJParser:571 - #7 (
2017-09-02 14:33:12 INFO  MJParser:601 - Obradjuje se metoda: main na liniji 11
2017-09-02 14:33:12 INFO  MJParser:571 - #8 )
2017-09-02 14:33:12 INFO  MJParser:571 - #4 {
2017-09-02 14:33:12 INFO  MJParser:571 - #25 read
2017-09-02 14:33:12 INFO  MJParser:571 - #7 (
2017-09-02 14:33:12 INFO  MJParser:571 - #51 a
2017-09-02 14:33:12 INFO  MJParser:571 - #8 )
2017-09-02 14:33:12 INFO  MJParser:601 - Koriscenje globalne promenljive a na liniji 13
2017-09-02 14:33:12 INFO  MJParser:571 - #6 ;
2017-09-02 14:33:12 INFO  MJParser:571 - #25 read
2017-09-02 14:33:12 INFO  MJParser:571 - #7 (
2017-09-02 14:33:12 INFO  MJParser:571 - #51 b
2017-09-02 14:33:12 INFO  MJParser:571 - #8 )
2017-09-02 14:33:12 INFO  MJParser:601 - Koriscenje globalne promenljive b na liniji 14
2017-09-02 14:33:12 INFO  MJParser:571 - #6 ;
2017-09-02 14:33:12 INFO  MJParser:571 - #51 novi
2017-09-02 14:33:12 INFO  MJParser:571 - #16 =
2017-09-02 14:33:12 INFO  MJParser:601 - Koriscenje globalne promenljive novi na liniji 16
2017-09-02 14:33:12 INFO  MJParser:571 - #48 0
2017-09-02 14:33:12 INFO  MJParser:571 - #6 ;
2017-09-02 14:33:12 INFO  MJParser:571 - #23 if
2017-09-02 14:33:12 INFO  MJParser:571 - #7 (
2017-09-02 14:33:12 INFO  MJParser:571 - #51 a
2017-09-02 14:33:12 INFO  MJParser:571 - #18 <
2017-09-02 14:33:12 INFO  MJParser:601 - Koriscenje globalne promenljive a na liniji 17
2017-09-02 14:33:12 INFO  MJParser:571 - #51 b
2017-09-02 14:33:12 INFO  MJParser:571 - #8 )
2017-09-02 14:33:12 INFO  MJParser:601 - Koriscenje globalne promenljive b na liniji 17
2017-09-02 14:33:12 INFO  MJParser:571 - #4 {
2017-09-02 14:33:12 INFO  MJParser:571 - #51 manji
2017-09-02 14:33:12 INFO  MJParser:571 - #16 =
2017-09-02 14:33:12 INFO  MJParser:601 - Koriscenje globalne promenljive manji na liniji 18
2017-09-02 14:33:12 INFO  MJParser:571 - #51 a
2017-09-02 14:33:12 INFO  MJParser:571 - #6 ;
2017-09-02 14:33:12 INFO  MJParser:601 - Koriscenje globalne promenljive a na liniji 18
2017-09-02 14:33:12 INFO  MJParser:571 - #51 veci
2017-09-02 14:33:12 INFO  MJParser:571 - #16 =
2017-09-02 14:33:12 INFO  MJParser:601 - Koriscenje globalne promenljive veci na liniji 19
2017-09-02 14:33:12 INFO  MJParser:571 - #51 b
2017-09-02 14:33:12 INFO  MJParser:571 - #6 ;
2017-09-02 14:33:12 INFO  MJParser:601 - Koriscenje globalne promenljive b na liniji 19
2017-09-02 14:33:12 INFO  MJParser:571 - #5 }
2017-09-02 14:33:12 INFO  MJParser:571 - #21 else
2017-09-02 14:33:12 INFO  MJParser:571 - #4 {
2017-09-02 14:33:12 INFO  MJParser:571 - #51 manji
2017-09-02 14:33:12 INFO  MJParser:571 - #16 =
2017-09-02 14:33:12 INFO  MJParser:601 - Koriscenje globalne promenljive manji na liniji 21
2017-09-02 14:33:12 INFO  MJParser:571 - #51 b
2017-09-02 14:33:12 INFO  MJParser:571 - #6 ;
2017-09-02 14:33:12 INFO  MJParser:601 - Koriscenje globalne promenljive b na liniji 21
2017-09-02 14:33:12 INFO  MJParser:571 - #51 veci
2017-09-02 14:33:12 INFO  MJParser:571 - #16 =
2017-09-02 14:33:12 INFO  MJParser:601 - Koriscenje globalne promenljive veci na liniji 22
2017-09-02 14:33:12 INFO  MJParser:571 - #51 a
2017-09-02 14:33:12 INFO  MJParser:571 - #6 ;
2017-09-02 14:33:12 INFO  MJParser:601 - Koriscenje globalne promenljive a na liniji 22
2017-09-02 14:33:12 INFO  MJParser:571 - #5 }
2017-09-02 14:33:12 INFO  MJParser:571 - #51 pom
2017-09-02 14:33:12 INFO  MJParser:571 - #16 =
2017-09-02 14:33:12 INFO  MJParser:601 - Koriscenje globalne promenljive pom na liniji 24
2017-09-02 14:33:12 INFO  MJParser:571 - #51 manji
2017-09-02 14:33:12 INFO  MJParser:571 - #6 ;
2017-09-02 14:33:12 INFO  MJParser:601 - Koriscenje globalne promenljive manji na liniji 24
2017-09-02 14:33:12 INFO  MJParser:571 - #23 if
2017-09-02 14:33:12 INFO  MJParser:571 - #7 (
2017-09-02 14:33:12 INFO  MJParser:571 - #51 pom
2017-09-02 14:33:12 INFO  MJParser:571 - #17 >
2017-09-02 14:33:12 INFO  MJParser:601 - Koriscenje globalne promenljive pom na liniji 25
2017-09-02 14:33:12 INFO  MJParser:571 - #48 0
2017-09-02 14:33:12 INFO  MJParser:571 - #8 )
2017-09-02 14:33:12 INFO  MJParser:571 - #4 {
2017-09-02 14:33:12 INFO  MJParser:571 - #51 pom
2017-09-02 14:33:12 INFO  MJParser:571 - #16 =
2017-09-02 14:33:12 INFO  MJParser:601 - Koriscenje globalne promenljive pom na liniji 26
2017-09-02 14:33:12 INFO  MJParser:571 - #51 pom
2017-09-02 14:33:12 INFO  MJParser:571 - #32 /
2017-09-02 14:33:12 INFO  MJParser:601 - Koriscenje globalne promenljive pom na liniji 26
2017-09-02 14:33:12 INFO  MJParser:571 - #51 x
2017-09-02 14:33:12 INFO  MJParser:571 - #6 ;
2017-09-02 14:33:12 INFO  MJParser:601 - Koriscenje konstante x na liniji: 26
2017-09-02 14:33:12 INFO  MJParser:571 - #51 step
2017-09-02 14:33:12 INFO  MJParser:571 - #16 =
2017-09-02 14:33:12 INFO  MJParser:601 - Koriscenje globalne promenljive step na liniji 27
2017-09-02 14:33:12 INFO  MJParser:571 - #51 step
2017-09-02 14:33:12 INFO  MJParser:571 - #31 *
2017-09-02 14:33:12 INFO  MJParser:601 - Koriscenje globalne promenljive step na liniji 27
2017-09-02 14:33:12 INFO  MJParser:571 - #51 x
2017-09-02 14:33:12 INFO  MJParser:571 - #6 ;
2017-09-02 14:33:12 INFO  MJParser:601 - Koriscenje konstante x na liniji: 27
2017-09-02 14:33:12 INFO  MJParser:571 - #5 }
2017-09-02 14:33:12 INFO  MJParser:571 - #51 novi
2017-09-02 14:33:12 INFO  MJParser:571 - #16 =
2017-09-02 14:33:12 INFO  MJParser:601 - Koriscenje globalne promenljive novi na liniji 29
2017-09-02 14:33:12 INFO  MJParser:571 - #51 veci
2017-09-02 14:33:12 INFO  MJParser:571 - #31 *
2017-09-02 14:33:12 INFO  MJParser:601 - Koriscenje globalne promenljive veci na liniji 29
2017-09-02 14:33:12 INFO  MJParser:571 - #51 step
2017-09-02 14:33:12 INFO  MJParser:571 - #12 +
2017-09-02 14:33:12 INFO  MJParser:601 - Koriscenje globalne promenljive step na liniji 29
2017-09-02 14:33:12 INFO  MJParser:571 - #51 manji
2017-09-02 14:33:12 INFO  MJParser:571 - #6 ;
2017-09-02 14:33:12 INFO  MJParser:601 - Koriscenje globalne promenljive manji na liniji 29
2017-09-02 14:33:12 INFO  MJParser:571 - #5 }
2017-09-02 14:33:12 INFO  MJParser:571 - #5 }
2017-09-02 14:33:12 INFO  MJParser:601 - Broj globalnih prostih promenjivih:14
2017-09-02 14:33:12 INFO  MJParser:601 - Broj globalnih nizova:0
2017-09-02 14:33:12 INFO  MJParser:601 - Broj globalnih konstanti:2
2017-09-02 14:33:12 INFO  MJParser:601 - Broj deklaracija promenljivih u main-u:0
2017-09-02 14:33:12 INFO  MJParserTest:42 - Parsiranje uspesno zavrseno!
